[2026-03-28 18:43:18] [SYSTEM] [LOGGER] Logger daemon started successfully
[2026-03-28 18:43:25] [log] [/writer_queue1] Message #0 from Writer1 (uptime: 0s)
[2026-03-28 18:43:25] [log] [/reader_queue] Received from /writer_queue1: Message #0 from Writer1 (uptime: 0s)
[2026-03-28 18:43:27] [log] [/writer_queue2] Message #0 from Writer2 (uptime: 0s)
[2026-03-28 18:43:28] [log] [/reader_queue] Received from /writer_queue2: Message #0 from Writer2 (uptime: 0s)
[2026-03-28 18:43:28] [log] [/writer_queue1] Message #1 from Writer1 (uptime: 3s)
[2026-03-28 18:43:28] [log] [/reader_queue] Received from /writer_queue1: Message #1 from Writer1 (uptime: 3s)
[2026-03-28 18:43:31] [log] [/writer_queue1] Message #2 from Writer1 (uptime: 6s)
[2026-03-28 18:43:31] [log] [/reader_queue] Received from /writer_queue1: Message #2 from Writer1 (uptime: 6s)
[2026-03-28 18:43:32] [log] [/writer_queue2] Message #1 from Writer2 (uptime: 5s)
[2026-03-28 18:43:32] [log] [/reader_queue] Received from /writer_queue2: Message #1 from Writer2 (uptime: 5s)
[2026-03-28 18:43:34] [log] [/writer_queue1] Message #3 from Writer1 (uptime: 9s)
[2026-03-28 18:43:34] [log] [/reader_queue] Received from /writer_queue1: Message #3 from Writer1 (uptime: 9s)
[2026-03-28 18:43:37] [log] [/writer_queue1] Message #4 from Writer1 (uptime: 12s)
[2026-03-28 18:43:37] [log] [/reader_queue] Received from /writer_queue1: Message #4 from Writer1 (uptime: 12s)
[2026-03-28 18:43:37] [log] [/writer_queue2] Message #2 from Writer2 (uptime: 10s)
[2026-03-28 18:43:37] [log] [/reader_queue] Received from /writer_queue2: Message #2 from Writer2 (uptime: 10s)
[2026-03-28 18:43:40] [log] [/writer_queue1] Message #5 from Writer1 (uptime: 15s)
[2026-03-28 18:43:40] [log] [/reader_queue] Received from /writer_queue1: Message #5 from Writer1 (uptime: 15s)
[2026-03-28 18:43:42] [log] [/writer_queue2] Message #3 from Writer2 (uptime: 15s)
[2026-03-28 18:43:42] [log] [/reader_queue] Received from /writer_queue2: Message #3 from Writer2 (uptime: 15s)
[2026-03-28 18:43:43] [log] [/writer_queue1] Message #6 from Writer1 (uptime: 18s)
[2026-03-28 18:43:43] [log] [/reader_queue] Received from /writer_queue1: Message #6 from Writer1 (uptime: 18s)
[2026-03-28 18:43:44] [log] [/writer_queue2] Writer2 shutting down
[2026-03-28 18:43:44] [log] [/reader_queue] Received from /writer_queue2: Writer2 shutting down
[2026-03-28 18:43:46] [log] [/writer_queue1] Writer1 shutting down
[2026-03-28 18:43:46] [log] [/reader_queue] Received from /writer_queue1: Writer1 shutting down
[2026-03-28 18:43:50] [SYSTEM] [LOGGER] Logger daemon stopped
